// Jest Snapshot v1, https://goo.gl/fbAQLP

exports[`Layout all parts are being rendered correctly 1`] = `
<div
  class="flex min-h-screen w-full"
  data-testid="layout-container"
>
  <aside
    class="fixed top-0 z-20 hidden h-screen w-[75px] flex-col bg-white py-10 false shadow-inner lg:flex"
    role="menu"
  >
    <span
      style="box-sizing: border-box; display: inline-block; overflow: hidden; background: none; opacity: 1; border: 0px; margin: 0px; padding: 0px; position: relative; max-width: 100%;"
    >
      <span
        style="box-sizing: border-box; display: block; background: none; opacity: 1; border: 0px; margin: 0px; padding: 0px; max-width: 100%;"
      >
        <img
          alt=""
          aria-hidden="true"
          src="data:image/svg+xml;base64,PHN2ZyB3aWR0aD0iMzIiIGhlaWdodD0iMzIiIHhtbG5zPSJodHRwOi8vd3d3LnczLm9yZy8yMDAwL3N2ZyIgdmVyc2lvbj0iMS4xIi8+"
          style="display: block; max-width: 100%; background: none; opacity: 1; border: 0px; margin: 0px; padding: 0px;"
        />
      </span>
      <img
        alt="Mazury logo"
        class="mx-auto rounded-full hover:cursor-pointer"
        data-nimg="intrinsic"
        decoding="async"
        src="data:image/gif;base64,R0lGODlhAQABAIAAAAAAAP///yH5BAEAAAAALAAAAAABAAEAAAIBRAA7"
        style="position: absolute; top: 0px; left: 0px; bottom: 0px; right: 0px; box-sizing: border-box; padding: 0px; margin: auto; display: block; width: 0px; height: 0px; min-width: 100%; max-width: 100%; min-height: 100%; max-height: 100%;"
      />
      <noscript />
    </span>
    <hr
      class="border border-indigoGray-20 mx-3 mt-8"
    />
    <menu
      class="mt-12 flex flex-col text-xl font-bold items-center h-[100%] px-3"
    >
      <a
        class="flex h-[40px] false items-center gap-4 rounded-md border border-hidden p-3 text-sm font-medium text-indigoGray-90 hover:bg-indigoGray-10 hover:text-indigoGray-50 active:border-solid active:border-indigoGray-30 active:bg-indigoGray-10 active:text-indigoGray-80 false undefined"
        href="/"
      >
        <svg
          aria-label="Search icon"
          fill="none"
          height="16px"
          role="img"
          viewBox="0 0 16 16"
          width="16px"
          xmlns="http://www.w3.org/2000/svg"
        >
          <path
            d="M7.33333 12.6667C10.2789 12.6667 12.6667 10.2789 12.6667 7.33333C12.6667 4.38781 10.2789 2 7.33333 2C4.38781 2 2 4.38781 2 7.33333C2 10.2789 4.38781 12.6667 7.33333 12.6667Z"
            stroke="#110F2A"
            stroke-linecap="round"
            stroke-linejoin="round"
            stroke-width="1.33"
          />
          <path
            d="M14 14.0001L11.1 11.1001"
            stroke="#110F2A"
            stroke-linecap="round"
            stroke-linejoin="round"
            stroke-width="1.33"
          />
        </svg>
         
      </a>
      <a
        class="flex h-[40px] false items-center gap-4 rounded-md border false p-3 text-sm font-medium text-indigoGray-90 hover:bg-indigoGray-10 hover:text-indigoGray-50 active:border-solid active:border-indigoGray-30 active:bg-indigoGray-10 active:text-indigoGray-80 border-solid border-indigoGray-30 bg-indigoGray-90 text-indigo-50 mt-4"
        href="/"
      >
        <svg
          aria-label="Home icon"
          fill="none"
          height="16px"
          role="img"
          viewBox="0 0 16 16"
          width="16px"
          xmlns="http://www.w3.org/2000/svg"
        >
          <path
            d="M2 6L8 1.33333L14 6V13.3333C14 13.687 13.8595 14.0261 13.6095 14.2761C13.3594 14.5262 13.0203 14.6667 12.6667 14.6667H3.33333C2.97971 14.6667 2.64057 14.5262 2.39052 14.2761C2.14048 14.0261 2 13.687 2 13.3333V6Z"
            stroke="#eef2ff"
            stroke-linecap="round"
            stroke-linejoin="round"
            stroke-width="1.33"
          />
        </svg>
         
      </a>
      <div
        class="mt-auto flex flex-col"
      >
        <hr
          class="border border-indigoGray-20 undefined"
        />
        <a
          class="flex h-[40px] false items-center gap-4 rounded-md border border-hidden p-3 text-sm font-medium text-indigoGray-90 hover:bg-indigoGray-10 hover:text-indigoGray-50 active:border-solid active:border-indigoGray-30 active:bg-indigoGray-10 active:text-indigoGray-80 false mt-8"
          href="/people/0x123"
        >
          <img
            alt="Profile icon"
            src="/profile-active.svg"
          />
           
        </a>
        <a
          class="flex h-[40px] false items-center gap-4 rounded-md border border-hidden p-3 text-sm font-medium text-indigoGray-90 hover:bg-indigoGray-10 hover:text-indigoGray-50 active:border-solid active:border-indigoGray-30 active:bg-indigoGray-10 active:text-indigoGray-80 false mb-4 mt-4"
          href="/settings"
        >
          <svg
            aria-label="Settings icon"
            fill="none"
            height="16px"
            role="img"
            viewBox="0 0 16 16"
            width="16px"
            xmlns="http://www.w3.org/2000/svg"
          >
            <path
              d="M2.66667 14V9.33334"
              stroke="#110F2A"
              stroke-linecap="round"
              stroke-linejoin="round"
              stroke-width="1.33333"
            />
            <path
              d="M2.66667 6.66667V2"
              stroke="#110F2A"
              stroke-linecap="round"
              stroke-linejoin="round"
              stroke-width="1.33333"
            />
            <path
              d="M8 14V8"
              stroke="#110F2A"
              stroke-linecap="round"
              stroke-linejoin="round"
              stroke-width="1.33333"
            />
            <path
              d="M8 5.33333V2"
              stroke="#110F2A"
              stroke-linecap="round"
              stroke-linejoin="round"
              stroke-width="1.33333"
            />
            <path
              d="M13.3333 14V10.6667"
              stroke="#110F2A"
              stroke-linecap="round"
              stroke-linejoin="round"
              stroke-width="1.33333"
            />
            <path
              d="M13.3333 8V2"
              stroke="#110F2A"
              stroke-linecap="round"
              stroke-linejoin="round"
              stroke-width="1.33333"
            />
            <path
              d="M0.666668 9.33334H4.66667"
              stroke="#110F2A"
              stroke-linecap="round"
              stroke-linejoin="round"
              stroke-width="1.33333"
            />
            <path
              d="M6 5.33334H10"
              stroke="#110F2A"
              stroke-linecap="round"
              stroke-linejoin="round"
              stroke-width="1.33333"
            />
            <path
              d="M11.3333 10.6667H15.3333"
              stroke="#110F2A"
              stroke-linecap="round"
              stroke-linejoin="round"
              stroke-width="1.33333"
            />
          </svg>
           
        </a>
      </div>
    </menu>
  </aside>
  <main
    class="mx-auto flex min-h-[90vh] w-full flex-col gap-8 px-0 pt-0 md:px-8 lg:ml-[75px] lg:w-11/12"
  >
    <span>
      Header content
    </span>
    <div
      class="flex grow flex-col gap-8 md:flex-row"
    >
      <div
        class="hidden w-full flex-col gap-4 md:flex md:w-3/12"
      >
        <span>
          Inner left content
        </span>
      </div>
      <div
        class="flex w-full grow flex-col gap-8 px-4 md:w-9/12 md:px-0"
      >
        <span>
          Inner right content
        </span>
      </div>
    </div>
  </main>
  <div
    class="sticky bottom-0 left-0 flex w-screen items-center justify-between border bg-white px-[58.5px] pt-4 pb-8 lg:hidden"
  >
    <a
      href="/"
    >
      <span
        style="box-sizing: border-box; display: inline-block; overflow: hidden; background: none; opacity: 1; border: 0px; margin: 0px; padding: 0px; position: relative; max-width: 100%;"
      >
        <span
          style="box-sizing: border-box; display: block; background: none; opacity: 1; border: 0px; margin: 0px; padding: 0px; max-width: 100%;"
        >
          <img
            alt=""
            aria-hidden="true"
            src="data:image/svg+xml;base64,PHN2ZyB3aWR0aD0iMjQiIGhlaWdodD0iMjQiIHhtbG5zPSJodHRwOi8vd3d3LnczLm9yZy8yMDAwL3N2ZyIgdmVyc2lvbj0iMS4xIi8+"
            style="display: block; max-width: 100%; background: none; opacity: 1; border: 0px; margin: 0px; padding: 0px;"
          />
        </span>
        <img
          alt="Home icon"
          data-nimg="intrinsic"
          decoding="async"
          src="data:image/gif;base64,R0lGODlhAQABAIAAAAAAAP///yH5BAEAAAAALAAAAAABAAEAAAIBRAA7"
          style="position: absolute; top: 0px; left: 0px; bottom: 0px; right: 0px; box-sizing: border-box; padding: 0px; margin: auto; display: block; width: 0px; height: 0px; min-width: 100%; max-width: 100%; min-height: 100%; max-height: 100%;"
        />
        <noscript />
      </span>
    </a>
    <a
      href="/search"
    >
      <span
        style="box-sizing: border-box; display: inline-block; overflow: hidden; background: none; opacity: 1; border: 0px; margin: 0px; padding: 0px; position: relative; max-width: 100%;"
      >
        <span
          style="box-sizing: border-box; display: block; background: none; opacity: 1; border: 0px; margin: 0px; padding: 0px; max-width: 100%;"
        >
          <img
            alt=""
            aria-hidden="true"
            src="data:image/svg+xml;base64,PHN2ZyB3aWR0aD0iMjQiIGhlaWdodD0iMjQiIHhtbG5zPSJodHRwOi8vd3d3LnczLm9yZy8yMDAwL3N2ZyIgdmVyc2lvbj0iMS4xIi8+"
            style="display: block; max-width: 100%; background: none; opacity: 1; border: 0px; margin: 0px; padding: 0px;"
          />
        </span>
        <img
          alt="Search icon"
          data-nimg="intrinsic"
          decoding="async"
          src="data:image/gif;base64,R0lGODlhAQABAIAAAAAAAP///yH5BAEAAAAALAAAAAABAAEAAAIBRAA7"
          style="position: absolute; top: 0px; left: 0px; bottom: 0px; right: 0px; box-sizing: border-box; padding: 0px; margin: auto; display: block; width: 0px; height: 0px; min-width: 100%; max-width: 100%; min-height: 100%; max-height: 100%;"
        />
        <noscript />
      </span>
    </a>
    <a
      href="/people/0x123"
    >
      <span
        style="box-sizing: border-box; display: inline-block; overflow: hidden; background: none; opacity: 1; border: 0px; margin: 0px; padding: 0px; position: relative; max-width: 100%;"
      >
        <span
          style="box-sizing: border-box; display: block; background: none; opacity: 1; border: 0px; margin: 0px; padding: 0px; max-width: 100%;"
        >
          <img
            alt=""
            aria-hidden="true"
            src="data:image/svg+xml;base64,PHN2ZyB3aWR0aD0iMjQiIGhlaWdodD0iMjQiIHhtbG5zPSJodHRwOi8vd3d3LnczLm9yZy8yMDAwL3N2ZyIgdmVyc2lvbj0iMS4xIi8+"
            style="display: block; max-width: 100%; background: none; opacity: 1; border: 0px; margin: 0px; padding: 0px;"
          />
        </span>
        <img
          alt="Profile icon"
          data-nimg="intrinsic"
          decoding="async"
          src="data:image/gif;base64,R0lGODlhAQABAIAAAAAAAP///yH5BAEAAAAALAAAAAABAAEAAAIBRAA7"
          style="position: absolute; top: 0px; left: 0px; bottom: 0px; right: 0px; box-sizing: border-box; padding: 0px; margin: auto; display: block; width: 0px; height: 0px; min-width: 100%; max-width: 100%; min-height: 100%; max-height: 100%;"
        />
        <noscript />
      </span>
       
    </a>
    <a
      href="/settings"
    >
      <span
        style="box-sizing: border-box; display: inline-block; overflow: hidden; background: none; opacity: 1; border: 0px; margin: 0px; padding: 0px; position: relative; max-width: 100%;"
      >
        <span
          style="box-sizing: border-box; display: block; background: none; opacity: 1; border: 0px; margin: 0px; padding: 0px; max-width: 100%;"
        >
          <img
            alt=""
            aria-hidden="true"
            src="data:image/svg+xml;base64,PHN2ZyB3aWR0aD0iMjQiIGhlaWdodD0iMjQiIHhtbG5zPSJodHRwOi8vd3d3LnczLm9yZy8yMDAwL3N2ZyIgdmVyc2lvbj0iMS4xIi8+"
            style="display: block; max-width: 100%; background: none; opacity: 1; border: 0px; margin: 0px; padding: 0px;"
          />
        </span>
        <img
          alt="Settings icon"
          data-nimg="intrinsic"
          decoding="async"
          src="data:image/gif;base64,R0lGODlhAQABAIAAAAAAAP///yH5BAEAAAAALAAAAAABAAEAAAIBRAA7"
          style="position: absolute; top: 0px; left: 0px; bottom: 0px; right: 0px; box-sizing: border-box; padding: 0px; margin: auto; display: block; width: 0px; height: 0px; min-width: 100%; max-width: 100%; min-height: 100%; max-height: 100%;"
        />
        <noscript />
      </span>
       
    </a>
  </div>
</div>
`;
