// Jest Snapshot v1, https://goo.gl/fbAQLP

exports[`Checkbox renders and behaves correctly 1`] = `
<div
  class="flex items-center space-x-[11px] undefined"
  data-testid="checkbox-outer-container"
>
  <button
    class="h-6 h-4 hover:cursor-pointer"
    type="button"
  />
  <label
    class="text-base font-medium text-indigoGray-70"
    for="checkbox-1"
  >
    Label
  </label>
  <input
    data-testid="Hidden Checkbox"
    hidden=""
    id="checkbox-1"
    type="checkbox"
  />
</div>
`;
