// Jest Snapshot v1, https://goo.gl/fbAQLP

exports[`TagItem renders correctly and fires onRemove as intended 1`] = `
<div
  class="flex w-fit items-center gap-1 rounded px-2 py-1 text-xs font-bold undefined"
  role="tag"
  style="background-color: rgb(238, 242, 255); color: rgb(49, 46, 129);"
>
  <span
    class="cursor-default"
  >
    Frontend engineer
  </span>
  <button
    class="flex items-center hover:cursor-pointer"
  >
    <svg
      aria-label="Remove Frontend engineer"
      fill="none"
      height="16px"
      role="img"
      viewBox="0 0 16 16"
      width="16px"
      xmlns="http://www.w3.org/2000/svg"
    >
      <path
        d="M12 4L4 12"
        stroke="#312e81"
        stroke-linecap="round"
        stroke-linejoin="round"
        stroke-width="1.33"
      />
      <path
        d="M4 4L12 12"
        stroke="#312e81"
        stroke-linecap="round"
        stroke-linejoin="round"
        stroke-width="1.33"
      />
    </svg>
  </button>
</div>
`;
